// Jest Snapshot v1, https://goo.gl/fbAQLP

exports[`EventDiagram should render a floors list 1`] = `
<ApolloProvider
  client={
    ApolloClient {
      "cache": InMemoryCache {
        "addTypename": true,
        "config": Object {
          "addTypename": true,
          "dataIdFromObject": [Function],
          "fragmentMatcher": HeuristicFragmentMatcher {},
          "storeFactory": [Function],
        },
        "data": ObjectCache {
          "data": Object {},
        },
        "optimistic": Array [],
        "silenceBroadcast": false,
        "watches": Array [],
      },
      "defaultOptions": Object {},
      "disableNetworkFetches": false,
      "link": ApolloLink {
        "request": [Function],
      },
      "mutate": [Function],
      "query": [Function],
      "queryDeduplication": true,
      "reFetchObservableQueries": [Function],
      "resetStore": [Function],
      "resetStoreCallbacks": Array [],
      "ssrMode": false,
      "store": DataStore {
        "cache": InMemoryCache {
          "addTypename": true,
          "config": Object {
            "addTypename": true,
            "dataIdFromObject": [Function],
            "fragmentMatcher": HeuristicFragmentMatcher {},
            "storeFactory": [Function],
          },
          "data": ObjectCache {
            "data": Object {},
          },
          "optimistic": Array [],
          "silenceBroadcast": false,
          "watches": Array [],
        },
      },
      "version": "2.2.1",
      "watchQuery": [Function],
    }
  }
>
  <EventsDiagram
    classes={
      Array [
        "EventDiagram-Story",
      ]
    }
    date="2017-01-09T12:00:00.000Z"
    floors={
      Array [
        Object {
          "floor": 7,
          "rooms": Array [
            Object {
              "capacity": 7,
              "events": Array [
                Object {
                  "dateEnd": "2018-01-09T08:45:00.55",
                  "dateStart": "2018-01-09T06:30:00.55",
                  "id": "1",
                  "title": "Событие 1",
                  "users": Array [],
                },
                Object {
                  "dateEnd": "2018-01-09T11:45:00.55",
                  "dateStart": "2018-01-09T09:30:00.55",
                  "id": "2",
                  "title": "Событие 2",
                  "users": Array [],
                },
                Object {
                  "dateEnd": "2018-01-09T20:45:00.55",
                  "dateStart": "2018-01-09T18:30:00.55",
                  "id": "3",
                  "title": "Событие 3",
                  "users": Array [],
                },
              ],
              "id": "1",
              "title": "Ржавый Фред",
            },
          ],
        },
      ]
    }
    isDateCurrent={false}
  />
</ApolloProvider>
`;
